15:15:24.781 [GK] INFO  - Loading configuration for environment MultiTypesV2
15:15:24.781 [GK] INFO  - Generator type:MANUAL
15:15:29.992 [Elsa] INFO  - Entity Elsa deployed in 9
 Characteristics:  type : 
 AgentName: Elsa
 	 Instance of eu.su.mas.dedaleEtu.mas.agents.dummies.explo.ExploreCoopAgent
 	 Initial container: Ithaq_container2
 	 Initial location: null
 	 Entitytype: AgentExplo
 	 TreasureType : None; diamondCapa: -1; goldCapa: -1
 	 comReach: 3
 	 detection radius: 0
 	 Expertise: [<LockPicking, 1>, <Strength, 2>]
 	 UserParameters: [Tim]
15:15:30.001 [Tim] INFO  - Entity Tim deployed in 28
 Characteristics:  type : 
 AgentName: Tim
 	 Instance of eu.su.mas.dedaleEtu.mas.agents.dummies.explo.ExploreCoopAgent
 	 Initial container: Ithaq_container2
 	 Initial location: null
 	 Entitytype: AgentExplo
 	 TreasureType : None; diamondCapa: -1; goldCapa: -1
 	 comReach: 3
 	 detection radius: 0
 	 Expertise: [<LockPicking, 1>, <Strength, 2>]
 	 UserParameters: [Elsa]
15:18:14.133 [GK] INFO  - Loading configuration for environment MultiTypesV2
15:18:14.133 [GK] INFO  - Generator type:MANUAL
15:18:16.561 [Elsa] INFO  - Entity Elsa deployed in 29
 Characteristics:  type : 
 AgentName: Elsa
 	 Instance of eu.su.mas.dedaleEtu.mas.agents.dummies.explo.ExploreCoopAgent
 	 Initial container: Ithaq_container2
 	 Initial location: null
 	 Entitytype: AgentExplo
 	 TreasureType : None; diamondCapa: -1; goldCapa: -1
 	 comReach: 3
 	 detection radius: 0
 	 Expertise: [<LockPicking, 1>, <Strength, 2>]
 	 UserParameters: [Tim]
15:18:16.564 [Tim] INFO  - Entity Tim deployed in 21
 Characteristics:  type : 
 AgentName: Tim
 	 Instance of eu.su.mas.dedaleEtu.mas.agents.dummies.explo.ExploreCoopAgent
 	 Initial container: Ithaq_container2
 	 Initial location: null
 	 Entitytype: AgentExplo
 	 TreasureType : None; diamondCapa: -1; goldCapa: -1
 	 comReach: 3
 	 detection radius: 0
 	 Expertise: [<LockPicking, 1>, <Strength, 2>]
 	 UserParameters: [Elsa]
15:20:06.963 [GK] INFO  - Loading configuration for environment MultiTypesV2
15:20:06.964 [GK] INFO  - Generator type:MANUAL
15:20:09.113 [Elsa] INFO  - Entity Elsa deployed in 22
 Characteristics:  type : 
 AgentName: Elsa
 	 Instance of eu.su.mas.dedaleEtu.mas.agents.dummies.explo.ExploreCoopAgent
 	 Initial container: Ithaq_container2
 	 Initial location: null
 	 Entitytype: AgentExplo
 	 TreasureType : None; diamondCapa: -1; goldCapa: -1
 	 comReach: 3
 	 detection radius: 0
 	 Expertise: [<LockPicking, 1>, <Strength, 2>]
 	 UserParameters: [Tim]
15:20:09.122 [Tim] INFO  - Entity Tim deployed in 9
 Characteristics:  type : 
 AgentName: Tim
 	 Instance of eu.su.mas.dedaleEtu.mas.agents.dummies.explo.ExploreCoopAgent
 	 Initial container: Ithaq_container2
 	 Initial location: null
 	 Entitytype: AgentExplo
 	 TreasureType : None; diamondCapa: -1; goldCapa: -1
 	 comReach: 3
 	 detection radius: 0
 	 Expertise: [<LockPicking, 1>, <Strength, 2>]
 	 UserParameters: [Elsa]
15:23:03.845 [GK] INFO  - Loading configuration for environment MultiTypesV2
15:23:03.846 [GK] INFO  - Generator type:MANUAL
15:23:06.345 [Elsa] INFO  - Entity Elsa deployed in 38
 Characteristics:  type : 
 AgentName: Elsa
 	 Instance of eu.su.mas.dedaleEtu.mas.agents.dummies.explo.ExploreCoopAgent
 	 Initial container: Ithaq_container2
 	 Initial location: null
 	 Entitytype: AgentExplo
 	 TreasureType : None; diamondCapa: -1; goldCapa: -1
 	 comReach: 3
 	 detection radius: 0
 	 Expertise: [<LockPicking, 1>, <Strength, 2>]
 	 UserParameters: [Tim]
15:23:06.350 [Tim] INFO  - Entity Tim deployed in 10
 Characteristics:  type : 
 AgentName: Tim
 	 Instance of eu.su.mas.dedaleEtu.mas.agents.dummies.explo.ExploreCoopAgent
 	 Initial container: Ithaq_container2
 	 Initial location: null
 	 Entitytype: AgentExplo
 	 TreasureType : None; diamondCapa: -1; goldCapa: -1
 	 comReach: 3
 	 detection radius: 0
 	 Expertise: [<LockPicking, 1>, <Strength, 2>]
 	 UserParameters: [Elsa]
15:25:59.837 [GK] INFO  - Loading configuration for environment MultiTypesV2
15:25:59.841 [GK] INFO  - Generator type:MANUAL
15:26:01.670 [Elsa] INFO  - Entity Elsa deployed in 8
 Characteristics:  type : 
 AgentName: Elsa
 	 Instance of eu.su.mas.dedaleEtu.mas.agents.dummies.explo.ExploreCoopAgent
 	 Initial container: Ithaq_container2
 	 Initial location: null
 	 Entitytype: AgentExplo
 	 TreasureType : None; diamondCapa: -1; goldCapa: -1
 	 comReach: 3
 	 detection radius: 0
 	 Expertise: [<LockPicking, 1>, <Strength, 2>]
 	 UserParameters: [Tim]
15:26:01.680 [Tim] INFO  - Entity Tim deployed in 6
 Characteristics:  type : 
 AgentName: Tim
 	 Instance of eu.su.mas.dedaleEtu.mas.agents.dummies.explo.ExploreCoopAgent
 	 Initial container: Ithaq_container2
 	 Initial location: null
 	 Entitytype: AgentExplo
 	 TreasureType : None; diamondCapa: -1; goldCapa: -1
 	 comReach: 3
 	 detection radius: 0
 	 Expertise: [<LockPicking, 1>, <Strength, 2>]
 	 UserParameters: [Elsa]
15:28:51.051 [GK] INFO  - Loading configuration for environment MultiTypesV2
15:28:51.052 [GK] INFO  - Generator type:MANUAL
15:28:52.984 [Elsa] INFO  - Entity Elsa deployed in 26
 Characteristics:  type : 
 AgentName: Elsa
 	 Instance of eu.su.mas.dedaleEtu.mas.agents.dummies.explo.ExploreCoopAgent
 	 Initial container: Ithaq_container2
 	 Initial location: null
 	 Entitytype: AgentExplo
 	 TreasureType : None; diamondCapa: -1; goldCapa: -1
 	 comReach: 3
 	 detection radius: 0
 	 Expertise: [<LockPicking, 1>, <Strength, 2>]
 	 UserParameters: [Tim]
15:28:52.993 [Tim] INFO  - Entity Tim deployed in 7
 Characteristics:  type : 
 AgentName: Tim
 	 Instance of eu.su.mas.dedaleEtu.mas.agents.dummies.explo.ExploreCoopAgent
 	 Initial container: Ithaq_container2
 	 Initial location: null
 	 Entitytype: AgentExplo
 	 TreasureType : None; diamondCapa: -1; goldCapa: -1
 	 comReach: 3
 	 detection radius: 0
 	 Expertise: [<LockPicking, 1>, <Strength, 2>]
 	 UserParameters: [Elsa]
10:48:25.305 [GK] INFO  - Loading configuration for environment MultiTypesV2
10:48:25.307 [GK] INFO  - Generator type:MANUAL
10:48:28.251 [Elsa] INFO  - Entity Elsa deployed in 21
 Characteristics:  type : 
 AgentName: Elsa
 	 Instance of eu.su.mas.dedaleEtu.mas.agents.dummies.explo.ExploreCoopAgent
 	 Initial container: Ithaq_container2
 	 Initial location: null
 	 Entitytype: AgentExplo
 	 TreasureType : None; diamondCapa: -1; goldCapa: -1
 	 comReach: 3
 	 detection radius: 0
 	 Expertise: [<LockPicking, 1>, <Strength, 2>]
 	 UserParameters: [Tim]
10:48:28.258 [Tim] INFO  - Entity Tim deployed in 1
 Characteristics:  type : 
 AgentName: Tim
 	 Instance of eu.su.mas.dedaleEtu.mas.agents.dummies.explo.ExploreCoopAgent
 	 Initial container: Ithaq_container2
 	 Initial location: null
 	 Entitytype: AgentExplo
 	 TreasureType : None; diamondCapa: -1; goldCapa: -1
 	 comReach: 3
 	 detection radius: 0
 	 Expertise: [<LockPicking, 1>, <Strength, 2>]
 	 UserParameters: [Elsa]
10:55:24.848 [GK] INFO  - Loading configuration for environment MultiTypesV2
10:55:24.849 [GK] INFO  - Generator type:MANUAL
10:55:26.884 [Tim] INFO  - Entity Tim deployed in 21
 Characteristics:  type : 
 AgentName: Tim
 	 Instance of eu.su.mas.dedaleEtu.mas.agents.dummies.explo.ExploreCoopAgent
 	 Initial container: Ithaq_container2
 	 Initial location: null
 	 Entitytype: AgentExplo
 	 TreasureType : None; diamondCapa: -1; goldCapa: -1
 	 comReach: 3
 	 detection radius: 0
 	 Expertise: [<LockPicking, 1>, <Strength, 2>]
 	 UserParameters: [Elsa]
10:55:26.892 [Elsa] INFO  - Entity Elsa deployed in 3
 Characteristics:  type : 
 AgentName: Elsa
 	 Instance of eu.su.mas.dedaleEtu.mas.agents.dummies.explo.ExploreCoopAgent
 	 Initial container: Ithaq_container2
 	 Initial location: null
 	 Entitytype: AgentExplo
 	 TreasureType : None; diamondCapa: -1; goldCapa: -1
 	 comReach: 3
 	 detection radius: 0
 	 Expertise: [<LockPicking, 1>, <Strength, 2>]
 	 UserParameters: [Tim]
11:38:34.660 [GK] INFO  - Loading configuration for environment MultiTypesV2
11:38:34.663 [GK] INFO  - Generator type:MANUAL
11:39:37.167 [GK] INFO  - Loading configuration for environment MultiTypesV2
11:39:37.167 [GK] INFO  - Generator type:MANUAL
11:39:39.871 [Elsa] INFO  - Entity Elsa deployed in 37
 Characteristics:  type : 
 AgentName: Elsa
 	 Instance of eu.su.mas.dedaleEtu.mas.agents.dummies.explo.ExploreCoopAgent
 	 Initial container: Ithaq_container2
 	 Initial location: null
 	 Entitytype: AgentExplo
 	 TreasureType : None; diamondCapa: -1; goldCapa: -1
 	 comReach: 3
 	 detection radius: 0
 	 Expertise: [<LockPicking, 1>, <Strength, 2>]
 	 UserParameters: [Tim]
11:39:39.880 [Tim] INFO  - Entity Tim deployed in 38
 Characteristics:  type : 
 AgentName: Tim
 	 Instance of eu.su.mas.dedaleEtu.mas.agents.dummies.explo.ExploreCoopAgent
 	 Initial container: Ithaq_container2
 	 Initial location: null
 	 Entitytype: AgentExplo
 	 TreasureType : None; diamondCapa: -1; goldCapa: -1
 	 comReach: 3
 	 detection radius: 0
 	 Expertise: [<LockPicking, 1>, <Strength, 2>]
 	 UserParameters: [Elsa]
11:50:54.277 [GK] INFO  - Loading configuration for environment MultiTypesV2
11:50:54.278 [GK] INFO  - Generator type:MANUAL
11:50:56.749 [Tim] INFO  - Entity Tim deployed in 4
 Characteristics:  type : 
 AgentName: Tim
 	 Instance of eu.su.mas.dedaleEtu.mas.agents.dummies.explo.ExploreCoopAgent
 	 Initial container: Ithaq_container2
 	 Initial location: null
 	 Entitytype: AgentExplo
 	 TreasureType : None; diamondCapa: -1; goldCapa: -1
 	 comReach: 3
 	 detection radius: 0
 	 Expertise: [<LockPicking, 1>, <Strength, 2>]
 	 UserParameters: [Elsa]
11:50:56.767 [Elsa] INFO  - Entity Elsa deployed in 35
 Characteristics:  type : 
 AgentName: Elsa
 	 Instance of eu.su.mas.dedaleEtu.mas.agents.dummies.explo.ExploreCoopAgent
 	 Initial container: Ithaq_container2
 	 Initial location: null
 	 Entitytype: AgentExplo
 	 TreasureType : None; diamondCapa: -1; goldCapa: -1
 	 comReach: 3
 	 detection radius: 0
 	 Expertise: [<LockPicking, 1>, <Strength, 2>]
 	 UserParameters: [Tim]
11:55:17.995 [GK] INFO  - Loading configuration for environment MultiTypesV2
11:55:17.996 [GK] INFO  - Generator type:MANUAL
11:55:22.448 [Elsa] INFO  - Entity Elsa deployed in 17
 Characteristics:  type : 
 AgentName: Elsa
 	 Instance of eu.su.mas.dedaleEtu.mas.agents.dummies.explo.ExploreCoopAgent
 	 Initial container: Ithaq_container2
 	 Initial location: null
 	 Entitytype: AgentExplo
 	 TreasureType : None; diamondCapa: -1; goldCapa: -1
 	 comReach: 3
 	 detection radius: 0
 	 Expertise: [<LockPicking, 1>, <Strength, 2>]
 	 UserParameters: [Tim]
11:55:22.452 [Tim] INFO  - Entity Tim deployed in 35
 Characteristics:  type : 
 AgentName: Tim
 	 Instance of eu.su.mas.dedaleEtu.mas.agents.dummies.explo.ExploreCoopAgent
 	 Initial container: Ithaq_container2
 	 Initial location: null
 	 Entitytype: AgentExplo
 	 TreasureType : None; diamondCapa: -1; goldCapa: -1
 	 comReach: 3
 	 detection radius: 0
 	 Expertise: [<LockPicking, 1>, <Strength, 2>]
 	 UserParameters: [Elsa]
11:55:48.205 [GK] INFO  - Loading configuration for environment MultiTypesV2
11:55:48.205 [GK] INFO  - Generator type:MANUAL
11:55:50.085 [Tim] INFO  - Entity Tim deployed in 35
 Characteristics:  type : 
 AgentName: Tim
 	 Instance of eu.su.mas.dedaleEtu.mas.agents.dummies.explo.ExploreCoopAgent
 	 Initial container: Ithaq_container2
 	 Initial location: null
 	 Entitytype: AgentExplo
 	 TreasureType : None; diamondCapa: -1; goldCapa: -1
 	 comReach: 3
 	 detection radius: 0
 	 Expertise: [<LockPicking, 1>, <Strength, 2>]
 	 UserParameters: [Elsa]
11:55:50.093 [Elsa] INFO  - Entity Elsa deployed in 36
 Characteristics:  type : 
 AgentName: Elsa
 	 Instance of eu.su.mas.dedaleEtu.mas.agents.dummies.explo.ExploreCoopAgent
 	 Initial container: Ithaq_container2
 	 Initial location: null
 	 Entitytype: AgentExplo
 	 TreasureType : None; diamondCapa: -1; goldCapa: -1
 	 comReach: 3
 	 detection radius: 0
 	 Expertise: [<LockPicking, 1>, <Strength, 2>]
 	 UserParameters: [Tim]
11:57:05.465 [GK] INFO  - Loading configuration for environment MultiTypesV2
11:57:05.465 [GK] INFO  - Generator type:MANUAL
11:57:07.387 [Elsa] INFO  - Entity Elsa deployed in 2
 Characteristics:  type : 
 AgentName: Elsa
 	 Instance of eu.su.mas.dedaleEtu.mas.agents.dummies.explo.ExploreCoopAgent
 	 Initial container: Ithaq_container2
 	 Initial location: null
 	 Entitytype: AgentExplo
 	 TreasureType : None; diamondCapa: -1; goldCapa: -1
 	 comReach: 3
 	 detection radius: 0
 	 Expertise: [<LockPicking, 1>, <Strength, 2>]
 	 UserParameters: [Tim]
11:57:07.399 [Tim] INFO  - Entity Tim deployed in 35
 Characteristics:  type : 
 AgentName: Tim
 	 Instance of eu.su.mas.dedaleEtu.mas.agents.dummies.explo.ExploreCoopAgent
 	 Initial container: Ithaq_container2
 	 Initial location: null
 	 Entitytype: AgentExplo
 	 TreasureType : None; diamondCapa: -1; goldCapa: -1
 	 comReach: 3
 	 detection radius: 0
 	 Expertise: [<LockPicking, 1>, <Strength, 2>]
 	 UserParameters: [Elsa]
11:57:46.544 [GK] INFO  - Loading configuration for environment MultiTypesV2
11:57:46.545 [GK] INFO  - Generator type:MANUAL
11:57:48.421 [Tim] INFO  - Entity Tim deployed in 12
 Characteristics:  type : 
 AgentName: Tim
 	 Instance of eu.su.mas.dedaleEtu.mas.agents.dummies.explo.ExploreCoopAgent
 	 Initial container: Ithaq_container2
 	 Initial location: null
 	 Entitytype: AgentExplo
 	 TreasureType : None; diamondCapa: -1; goldCapa: -1
 	 comReach: 3
 	 detection radius: 0
 	 Expertise: [<LockPicking, 1>, <Strength, 2>]
 	 UserParameters: [Elsa]
11:57:48.432 [Elsa] INFO  - Entity Elsa deployed in 31
 Characteristics:  type : 
 AgentName: Elsa
 	 Instance of eu.su.mas.dedaleEtu.mas.agents.dummies.explo.ExploreCoopAgent
 	 Initial container: Ithaq_container2
 	 Initial location: null
 	 Entitytype: AgentExplo
 	 TreasureType : None; diamondCapa: -1; goldCapa: -1
 	 comReach: 3
 	 detection radius: 0
 	 Expertise: [<LockPicking, 1>, <Strength, 2>]
 	 UserParameters: [Tim]
